1)--------------------------------------------------------------------------------------------------------------------------------------
Error when training epoch are set to "8"

Train Epoch: 1 [49952/50000 (100%)]	Loss: 1.600255
Traceback (most recent call last):
  File "main.py", line 207, in <module>
    train_acc.append(train(i))
  File "main.py", line 125, in train
    scores = scores.view(args.batch_size, args.num_classes)
RuntimeError: invalid argument 2: size '[32 x 10]' is invalid for input with 160 elements at /opt/conda/conda-bld/pytorch_1523244252089/work/torch/lib/TH/THStorage.c:41


-----------------------------------------------------------------------------------------------------------------------------------------

2) --------------------------------------------------------------------------------------------------------------------------------------

Error when training epochs are set to "10"
Traceback (most recent call last):
  File "main.py", line 207, in <module>
    train_acc.append(train(i))
  File "main.py", line 125, in train
    scores = scores.view(args.batch_size, args.num_classes)
RuntimeError: invalid argument 2: size '[32 x 10]' is invalid for input with 160 elements at /opt/conda/conda-bld/pytorch_1523244252089/work/torch/lib/TH/THStorage.c:41



-----------------------------------------------------------------------------------------------------------------------------------------

3) --------------------------------------------------------------------------------------------------------------------------------------



-----------------------------------------------------------------------------------------------------------------------------------------

4) --------------------------------------------------------------------------------------------------------------------------------------



-----------------------------------------------------------------------------------------------------------------------------------------

5) --------------------------------------------------------------------------------------------------------------------------------------



-----------------------------------------------------------------------------------------------------------------------------------------

